============================================================
  A2C + RPE Dopamine Model – Pick-and-Place Task
============================================================
  Grid size  : 5×5
  State dim  : 7   Action dim: 6
  Hidden dim : 128
  LR=0.001  γ=0.99  λ=0.95  n_steps=8
  Entropy: 0.05 → 0.005 (decay 1000 ep)
============================================================
Ep   100/4000  AvgReward:  -2.078  AvgLen:  200.0  Success: 0.000  RPE(mean): +0.0024  RPE(|mean|): +0.0253  Tonic DA: +0.0039
Ep   200/4000  AvgReward:  -1.921  AvgLen:  200.0  Success: 0.000  RPE(mean): +0.0026  RPE(|mean|): +0.0245  Tonic DA: +0.0049
Ep   300/4000  AvgReward:  -1.937  AvgLen:  200.0  Success: 0.000  RPE(mean): +0.0010  RPE(|mean|): +0.0201  Tonic DA: +0.0045
Ep   400/4000  AvgReward:  -1.866  AvgLen:  200.0  Success: 0.000  RPE(mean): -0.0003  RPE(|mean|): +0.0232  Tonic DA: +0.0010
Ep   500/4000  AvgReward:  -1.890  AvgLen:  200.0  Success: 0.000  RPE(mean): +0.0020  RPE(|mean|): +0.0263  Tonic DA: +0.0023
  [checkpoint saved → checkpoints/seed_43/a2c_rpe_ep500.pt]
Ep   600/4000  AvgReward:  -1.990  AvgLen:  200.0  Success: 0.000  RPE(mean): +0.0015  RPE(|mean|): +0.0118  Tonic DA: +0.0033
Ep   700/4000  AvgReward:  -1.989  AvgLen:  200.0  Success: 0.000  RPE(mean): +0.0017  RPE(|mean|): +0.0148  Tonic DA: +0.0030
Ep   800/4000  AvgReward:  -1.983  AvgLen:  200.0  Success: 0.000  RPE(mean): +0.0038  RPE(|mean|): +0.0249  Tonic DA: +0.0073
Ep   900/4000  AvgReward:  -2.010  AvgLen:  200.0  Success: 0.000  RPE(mean): +0.0031  RPE(|mean|): +0.0154  Tonic DA: +0.0052
Ep  1000/4000  AvgReward:  -1.996  AvgLen:  200.0  Success: 0.000  RPE(mean): +0.0026  RPE(|mean|): +0.0104  Tonic DA: +0.0048
  [checkpoint saved → checkpoints/seed_43/a2c_rpe_ep1000.pt]
Ep  1100/4000  AvgReward:  -1.979  AvgLen:  200.0  Success: 0.000  RPE(mean): +0.0024  RPE(|mean|): +0.0156  Tonic DA: +0.0032
Ep  1200/4000  AvgReward:  -1.975  AvgLen:  200.0  Success: 0.000  RPE(mean): +0.0020  RPE(|mean|): +0.0200  Tonic DA: +0.0046
Ep  1300/4000  AvgReward:  -1.981  AvgLen:  200.0  Success: 0.000  RPE(mean): +0.0033  RPE(|mean|): +0.0203  Tonic DA: +0.0051
Ep  1400/4000  AvgReward:  -1.977  AvgLen:  200.0  Success: 0.000  RPE(mean): +0.0019  RPE(|mean|): +0.0172  Tonic DA: +0.0034
Ep  1500/4000  AvgReward:  -1.963  AvgLen:  200.0  Success: 0.000  RPE(mean): +0.0031  RPE(|mean|): +0.0122  Tonic DA: +0.0052
  [checkpoint saved → checkpoints/seed_43/a2c_rpe_ep1500.pt]
Ep  1600/4000  AvgReward:  -1.989  AvgLen:  200.0  Success: 0.000  RPE(mean): +0.0027  RPE(|mean|): +0.0258  Tonic DA: +0.0058
Ep  1700/4000  AvgReward:  -1.971  AvgLen:  200.0  Success: 0.000  RPE(mean): +0.0025  RPE(|mean|): +0.0158  Tonic DA: +0.0038
Ep  1800/4000  AvgReward:  -1.994  AvgLen:  200.0  Success: 0.000  RPE(mean): +0.0036  RPE(|mean|): +0.0067  Tonic DA: +0.0066
Ep  1900/4000  AvgReward:  -1.986  AvgLen:  200.0  Success: 0.000  RPE(mean): +0.0024  RPE(|mean|): +0.0122  Tonic DA: +0.0044
Ep  2000/4000  AvgReward:  -1.989  AvgLen:  200.0  Success: 0.000  RPE(mean): +0.0033  RPE(|mean|): +0.0093  Tonic DA: +0.0044
  [checkpoint saved → checkpoints/seed_43/a2c_rpe_ep2000.pt]
Ep  2100/4000  AvgReward:  -1.982  AvgLen:  200.0  Success: 0.000  RPE(mean): +0.0028  RPE(|mean|): +0.0193  Tonic DA: +0.0049
Ep  2200/4000  AvgReward:  -1.994  AvgLen:  200.0  Success: 0.000  RPE(mean): +0.0032  RPE(|mean|): +0.0162  Tonic DA: +0.0071
Ep  2300/4000  AvgReward:  -1.992  AvgLen:  200.0  Success: 0.000  RPE(mean): +0.0047  RPE(|mean|): +0.0064  Tonic DA: +0.0076
Ep  2400/4000  AvgReward:  -1.991  AvgLen:  200.0  Success: 0.000  RPE(mean): +0.0035  RPE(|mean|): +0.0157  Tonic DA: +0.0057
Ep  2500/4000  AvgReward:  -1.985  AvgLen:  200.0  Success: 0.000  RPE(mean): +0.0024  RPE(|mean|): +0.0143  Tonic DA: +0.0052
  [checkpoint saved → checkpoints/seed_43/a2c_rpe_ep2500.pt]
Ep  2600/4000  AvgReward:  -1.975  AvgLen:  200.0  Success: 0.000  RPE(mean): +0.0021  RPE(|mean|): +0.0136  Tonic DA: +0.0051
Ep  2700/4000  AvgReward:  -1.996  AvgLen:  200.0  Success: 0.000  RPE(mean): +0.0032  RPE(|mean|): +0.0161  Tonic DA: +0.0057
Ep  2800/4000  AvgReward:  -1.989  AvgLen:  200.0  Success: 0.000  RPE(mean): +0.0040  RPE(|mean|): +0.0354  Tonic DA: +0.0067
Ep  2900/4000  AvgReward:  -1.987  AvgLen:  200.0  Success: 0.000  RPE(mean): +0.0036  RPE(|mean|): +0.0167  Tonic DA: +0.0069
Ep  3000/4000  AvgReward:  -1.990  AvgLen:  200.0  Success: 0.000  RPE(mean): +0.0035  RPE(|mean|): +0.0278  Tonic DA: +0.0062
  [checkpoint saved → checkpoints/seed_43/a2c_rpe_ep3000.pt]
Ep  3100/4000  AvgReward:  -1.988  AvgLen:  200.0  Success: 0.000  RPE(mean): +0.0049  RPE(|mean|): +0.0212  Tonic DA: +0.0074
Ep  3200/4000  AvgReward:  -1.992  AvgLen:  200.0  Success: 0.000  RPE(mean): +0.0040  RPE(|mean|): +0.0158  Tonic DA: +0.0070
Ep  3300/4000  AvgReward:  -1.991  AvgLen:  200.0  Success: 0.000  RPE(mean): +0.0041  RPE(|mean|): +0.0096  Tonic DA: +0.0066
Ep  3400/4000  AvgReward:  -1.999  AvgLen:  200.0  Success: 0.000  RPE(mean): +0.0028  RPE(|mean|): +0.0174  Tonic DA: +0.0048
Ep  3500/4000  AvgReward:  -1.989  AvgLen:  200.0  Success: 0.000  RPE(mean): +0.0043  RPE(|mean|): +0.0072  Tonic DA: +0.0072
  [checkpoint saved → checkpoints/seed_43/a2c_rpe_ep3500.pt]
Ep  3600/4000  AvgReward:  -2.004  AvgLen:  200.0  Success: 0.000  RPE(mean): +0.0032  RPE(|mean|): +0.0130  Tonic DA: +0.0051
Ep  3700/4000  AvgReward:  -2.005  AvgLen:  200.0  Success: 0.000  RPE(mean): +0.0040  RPE(|mean|): +0.0190  Tonic DA: +0.0058
Ep  3800/4000  AvgReward:  -1.999  AvgLen:  200.0  Success: 0.000  RPE(mean): +0.0032  RPE(|mean|): +0.0115  Tonic DA: +0.0046
Ep  3900/4000  AvgReward:  -1.994  AvgLen:  200.0  Success: 0.000  RPE(mean): +0.0034  RPE(|mean|): +0.0134  Tonic DA: +0.0053
Ep  4000/4000  AvgReward:  -1.998  AvgLen:  200.0  Success: 0.000  RPE(mean): +0.0024  RPE(|mean|): +0.0170  Tonic DA: +0.0039
  [checkpoint saved → checkpoints/seed_43/a2c_rpe_ep4000.pt]

============================================================
  Training complete. Episodes: 4000
  Overall success rate: 0.000
  Final tonic dopamine level: 0.0039
============================================================
  Final model saved → checkpoints/seed_43/a2c_rpe_final.pt
